// Jest Snapshot v1, https://goo.gl/fbAQLP

exports[`lightbox render lightbox container render correctly 1`] = `
<LightboxContainer
  images={
    Array [
      "http://127.0.0.1:8082/media/pinhole/010.jpg",
      "http://127.0.0.1:8082/media/pinhole/020.jpg",
      "http://127.0.0.1:8082/media/pinhole/030.jpg",
    ]
  }
  index={null}
  isOpen={false}
  lightboxUpdate={[MockFunction]}
/>
`;

exports[`lightbox render lightbox render correctly 1`] = `
<Modal
  appElement={<body />}
  ariaHideApp={true}
  bodyOpenClassName="ReactModal__Body--open"
  closeTimeoutMS={0}
  contentLabel="Lightbox"
  isOpen={true}
  onAfterOpen={[Function]}
  onRequestClose={[Function]}
  parentSelector={[Function]}
  portalClassName="ReactModalPortal"
  role="dialog"
  shouldCloseOnEsc={true}
  shouldCloseOnOverlayClick={true}
  shouldFocusAfterRender={true}
  shouldReturnFocusAfterClose={true}
  style={
    Object {
      "content": Object {
        "backgroundColor": "transparent",
        "border": "none",
        "borderRadius": 0,
        "bottom": 0,
        "left": 0,
        "overflow": "hidden",
        "padding": 0,
        "right": 0,
        "top": 0,
      },
      "overlay": Object {
        "backgroundColor": "transparent",
        "zIndex": 1000,
      },
    }
  }
>
  <div
    className="ril-outer ril__outer ril__outerAnimating  "
    onKeyDown={[Function]}
    onKeyUp={[Function]}
    onMouseDown={[Function]}
    onMouseMove={[Function]}
    onTouchMove={[Function]}
    onTouchStart={[Function]}
    onWheel={[Function]}
    style={
      Object {
        "animationDirection": "reverse",
        "animationDuration": "100ms",
        "transition": "opacity 100ms",
      }
    }
    tabIndex="-1"
  >
    <div
      className="ril-inner ril__inner"
      onClick={[Function]}
    >
      <div
        className="ril-image-next ril__imageNext ril__image ril-not-loaded"
        key="http://127.0.0.1:8082/media/pinhole/010.jpgi1"
        style={
          Object {
            "transform": "translate3d(1024px,0px,0) scale3d(NaN,NaN,1)",
          }
        }
      >
        <div
          className="ril__loadingContainer"
        >
          <div
            className="ril-loading-circle ril__loadingCircle ril__loadingContainer__icon"
          >
            <div
              className="ril-loading-circle-point ril__loadingCirclePoint"
              key="0"
            />
            <div
              className="ril-loading-circle-point ril__loadingCirclePoint"
              key="1"
            />
            <div
              className="ril-loading-circle-point ril__loadingCirclePoint"
              key="2"
            />
            <div
              className="ril-loading-circle-point ril__loadingCirclePoint"
              key="3"
            />
            <div
              className="ril-loading-circle-point ril__loadingCirclePoint"
              key="4"
            />
            <div
              className="ril-loading-circle-point ril__loadingCirclePoint"
              key="5"
            />
            <div
              className="ril-loading-circle-point ril__loadingCirclePoint"
              key="6"
            />
            <div
              className="ril-loading-circle-point ril__loadingCirclePoint"
              key="7"
            />
            <div
              className="ril-loading-circle-point ril__loadingCirclePoint"
              key="8"
            />
            <div
              className="ril-loading-circle-point ril__loadingCirclePoint"
              key="9"
            />
            <div
              className="ril-loading-circle-point ril__loadingCirclePoint"
              key="10"
            />
            <div
              className="ril-loading-circle-point ril__loadingCirclePoint"
              key="11"
            />
          </div>
        </div>
      </div>
      <div
        className="ril-image-current ril__image ril-not-loaded"
        key="http://127.0.0.1:8082/media/pinhole/020.jpgi0"
        style={
          Object {
            "transform": "translate3d(0px,0px,0) scale3d(NaN,NaN,1)",
          }
        }
      >
        <div
          className="ril__loadingContainer"
        >
          <div
            className="ril-loading-circle ril__loadingCircle ril__loadingContainer__icon"
          >
            <div
              className="ril-loading-circle-point ril__loadingCirclePoint"
              key="0"
            />
            <div
              className="ril-loading-circle-point ril__loadingCirclePoint"
              key="1"
            />
            <div
              className="ril-loading-circle-point ril__loadingCirclePoint"
              key="2"
            />
            <div
              className="ril-loading-circle-point ril__loadingCirclePoint"
              key="3"
            />
            <div
              className="ril-loading-circle-point ril__loadingCirclePoint"
              key="4"
            />
            <div
              className="ril-loading-circle-point ril__loadingCirclePoint"
              key="5"
            />
            <div
              className="ril-loading-circle-point ril__loadingCirclePoint"
              key="6"
            />
            <div
              className="ril-loading-circle-point ril__loadingCirclePoint"
              key="7"
            />
            <div
              className="ril-loading-circle-point ril__loadingCirclePoint"
              key="8"
            />
            <div
              className="ril-loading-circle-point ril__loadingCirclePoint"
              key="9"
            />
            <div
              className="ril-loading-circle-point ril__loadingCirclePoint"
              key="10"
            />
            <div
              className="ril-loading-circle-point ril__loadingCirclePoint"
              key="11"
            />
          </div>
        </div>
      </div>
      <div
        className="ril-image-prev ril__imagePrev ril__image ril-not-loaded"
        key="http://127.0.0.1:8082/media/pinhole/030.jpgi-1"
        style={
          Object {
            "transform": "translate3d(-1024px,0px,0) scale3d(NaN,NaN,1)",
          }
        }
      >
        <div
          className="ril__loadingContainer"
        >
          <div
            className="ril-loading-circle ril__loadingCircle ril__loadingContainer__icon"
          >
            <div
              className="ril-loading-circle-point ril__loadingCirclePoint"
              key="0"
            />
            <div
              className="ril-loading-circle-point ril__loadingCirclePoint"
              key="1"
            />
            <div
              className="ril-loading-circle-point ril__loadingCirclePoint"
              key="2"
            />
            <div
              className="ril-loading-circle-point ril__loadingCirclePoint"
              key="3"
            />
            <div
              className="ril-loading-circle-point ril__loadingCirclePoint"
              key="4"
            />
            <div
              className="ril-loading-circle-point ril__loadingCirclePoint"
              key="5"
            />
            <div
              className="ril-loading-circle-point ril__loadingCirclePoint"
              key="6"
            />
            <div
              className="ril-loading-circle-point ril__loadingCirclePoint"
              key="7"
            />
            <div
              className="ril-loading-circle-point ril__loadingCirclePoint"
              key="8"
            />
            <div
              className="ril-loading-circle-point ril__loadingCirclePoint"
              key="9"
            />
            <div
              className="ril-loading-circle-point ril__loadingCirclePoint"
              key="10"
            />
            <div
              className="ril-loading-circle-point ril__loadingCirclePoint"
              key="11"
            />
          </div>
        </div>
      </div>
    </div>
    <button
      aria-label="Previous image"
      className="ril-prev-button ril__navButtons ril__navButtonPrev"
      key="prev"
      onClick={[Function]}
      type="button"
    />
    <button
      aria-label="Next image"
      className="ril-next-button ril__navButtons ril__navButtonNext"
      key="next"
      onClick={[Function]}
      type="button"
    />
    <div
      className="ril-toolbar ril__toolbar"
    >
      <ul
        className="ril-toolbar-left ril__toolbarSide ril__toolbarLeftSide"
      >
        <li
          className="ril-toolbar__item ril__toolbarItem"
        >
          <span
            className="ril-toolbar__item__child ril__toolbarItemChild"
          />
        </li>
      </ul>
      <ul
        className="ril-toolbar-right ril__toolbarSide ril__toolbarRightSide"
      >
        <li
          className="ril-toolbar__item ril__toolbarItem"
        >
          <button
            aria-label="Close lightbox"
            className="ril-close ril-toolbar__item__child ril__toolbarItemChild ril__builtinButton ril__closeButton"
            key="close"
            onClick={[Function]}
            type="button"
          />
        </li>
      </ul>
    </div>
  </div>
</Modal>
`;
